// Vitest Snapshot v1, https://vitest.dev/guide/snapshot.html

exports[`calculate assimilé salarié > ACRE 1`] = `
"dirigeant . rémunération . totale: 10000
impôt . montant: 0
salarié . cotisations: 520
salarié . rémunération . brut: 781
salarié . rémunération . net . payé après impôt: 596
salarié . rémunération . net . à payer avant impôt: 596

Notifications affichées : entreprise . TVA . franchise de TVA . notification"
`;

exports[`calculate assimilé salarié > ACRE 2`] = `
"dirigeant . rémunération . totale: 20000
impôt . montant: 0
salarié . cotisations: 1010
salarié . rémunération . brut: 1582
salarié . rémunération . net . payé après impôt: 1228
salarié . rémunération . net . à payer avant impôt: 1228

Notifications affichées : entreprise . TVA . franchise de TVA . notification"
`;

exports[`calculate assimilé salarié > ACRE 3`] = `
"dirigeant . rémunération . totale: 30000
impôt . montant: 750
salarié . cotisations: 1500
salarié . rémunération . brut: 2383
salarié . rémunération . net . payé après impôt: 1798
salarié . rémunération . net . à payer avant impôt: 1861

Notifications affichées : entreprise . TVA . franchise de TVA . notification"
`;

exports[`calculate assimilé salarié > JEI 1`] = `
"dirigeant . rémunération . totale: 48000
impôt . montant: 2939
salarié . cotisations: 1198
salarié . rémunération . brut: 3574
salarié . rémunération . net . payé après impôt: 2557
salarié . rémunération . net . à payer avant impôt: 2802

Notifications affichées : entreprise . TVA . franchise de TVA . notification"
`;

exports[`calculate assimilé salarié > avec charges 1`] = `
"dirigeant . rémunération . totale: 10000
impôt . montant: 0
salarié . cotisations: 397
salarié . rémunération . brut: 580
salarié . rémunération . net . payé après impôt: 436
salarié . rémunération . net . à payer avant impôt: 436

Notifications affichées : entreprise . TVA . franchise de TVA . notification"
`;

exports[`calculate assimilé salarié > avec charges 2`] = `
"dirigeant . rémunération . totale: 20000
impôt . montant: 0
salarié . cotisations: 761
salarié . rémunération . brut: 1175
salarié . rémunération . net . payé après impôt: 906
salarié . rémunération . net . à payer avant impôt: 906

Notifications affichées : entreprise . TVA . franchise de TVA . notification"
`;

exports[`calculate assimilé salarié > échelle de rémunération 1`] = `
"dirigeant . rémunération . totale: 100
impôt . montant: undefined
salarié . cotisations: undefined
salarié . rémunération . brut: undefined
salarié . rémunération . net . payé après impôt: undefined
salarié . rémunération . net . à payer avant impôt: undefined"
`;

exports[`calculate assimilé salarié > échelle de rémunération 2`] = `
"dirigeant . rémunération . totale: 1000
impôt . montant: 0
salarié . cotisations: 70
salarié . rémunération . brut: 45
salarié . rémunération . net . payé après impôt: 14
salarié . rémunération . net . à payer avant impôt: 14

Notifications affichées : entreprise . TVA . franchise de TVA . notification"
`;

exports[`calculate assimilé salarié > échelle de rémunération 3`] = `
"dirigeant . rémunération . totale: 2000
impôt . montant: 0
salarié . cotisations: 106
salarié . rémunération . brut: 105
salarié . rémunération . net . payé après impôt: 61
salarié . rémunération . net . à payer avant impôt: 61

Notifications affichées : entreprise . TVA . franchise de TVA . notification"
`;

exports[`calculate assimilé salarié > échelle de rémunération 4`] = `
"dirigeant . rémunération . totale: 5000
impôt . montant: 0
salarié . cotisations: 215
salarié . rémunération . brut: 283
salarié . rémunération . net . payé après impôt: 202
salarié . rémunération . net . à payer avant impôt: 202

Notifications affichées : entreprise . TVA . franchise de TVA . notification"
`;

exports[`calculate assimilé salarié > échelle de rémunération 5`] = `
"dirigeant . rémunération . totale: 10000
impôt . montant: 0
salarié . cotisations: 397
salarié . rémunération . brut: 580
salarié . rémunération . net . payé après impôt: 436
salarié . rémunération . net . à payer avant impôt: 436

Notifications affichées : entreprise . TVA . franchise de TVA . notification"
`;

exports[`calculate assimilé salarié > échelle de rémunération 6`] = `
"dirigeant . rémunération . totale: 20000
impôt . montant: 0
salarié . cotisations: 761
salarié . rémunération . brut: 1175
salarié . rémunération . net . payé après impôt: 906
salarié . rémunération . net . à payer avant impôt: 906

Notifications affichées : entreprise . TVA . franchise de TVA . notification"
`;

exports[`calculate assimilé salarié > échelle de rémunération 7`] = `
"dirigeant . rémunération . totale: 50000
impôt . montant: 1577
salarié . cotisations: 1851
salarié . rémunération . brut: 2958
salarié . rémunération . net . payé après impôt: 2184
salarié . rémunération . net . à payer avant impôt: 2315

Notifications affichées : entreprise . TVA . franchise de TVA . notification"
`;

exports[`calculate assimilé salarié > échelle de rémunération 8`] = `
"dirigeant . rémunération . totale: 100000
impôt . montant: 9306
salarié . cotisations: 3639
salarié . rémunération . brut: 5945
salarié . rémunération . net . payé après impôt: 3919
salarié . rémunération . net . à payer avant impôt: 4695

Notifications affichées : entreprise . TVA . franchise de TVA . notification"
`;
